// Jest Snapshot v1, https://goo.gl/fbAQLP

exports[`AFlex initialized snapshot 1`] = `
<div
  class="aFlex"
/>
`;
