// Jest Snapshot v1, https://goo.gl/fbAQLP

exports[`AHeading initialized snapshot 1`] = `
<h3
  class="aHeading -lv2"
>
  見出しテキスト
</h3>
`;
