// Jest Snapshot v1, https://goo.gl/fbAQLP

exports[`ALayer initialized snapshot 1`] = `
<div
  class="aLayer"
/>
`;
