// Jest Snapshot v1, https://goo.gl/fbAQLP

exports[`AContainer initialized snapshot 1`] = `
<div
  class="aContainer"
>
  テキスト
</div>
`;
