// Jest Snapshot v1, https://goo.gl/fbAQLP

exports[`AButton initialized snapshot 1`] = `
<button
  class="aButton"
/>
`;
