// Jest Snapshot v1, https://goo.gl/fbAQLP

exports[`ALabel initialized snapshot 1`] = `
<label
  class="aLabel"
/>
`;
