// Jest Snapshot v1, https://goo.gl/fbAQLP

exports[`AInput initialized snapshot 1`] = `
<input
  class="aInput"
/>
`;
